// Jest Snapshot v1, https://goo.gl/fbAQLP

exports[`RangeInput renders and matches snapshot 1`] = `
<div>
  <div
    class="StyledGrommet-sc-19lkkz7-0 fUxOqw"
  >
    <input
      class="StyledRangeInput-sc-15st9ck-0 dkEJvl"
      type="range"
      value=""
    />
  </div>
</div>
`;
