// Jest Snapshot v1, https://goo.gl/fbAQLP

exports[`Routes should render and match the snapshot 1`] = `
<React.Fragment>
  <HelmetWrapper
    defaultTitle="React.js Boilerplate"
    defer={true}
    encodeSpecialCharacters={true}
    titleTemplate="%s - React.js Boilerplate"
  >
    <meta
      content="A React.js Boilerplate application"
      name="description"
    />
  </HelmetWrapper>
  <Header />
  <Routes__Container>
    <TemplateHeader />
    <Switch>
      <Route
        component={
          Object {
            "$$typeof": Symbol(react.memo),
            "compare": null,
            "type": Object {
              "$$typeof": Symbol(react.memo),
              "compare": null,
              "displayName": "",
              "type": [Function],
            },
          }
        }
        exact={true}
        path="/"
      />
      <Route
        component={[Function]}
        path="/features"
      />
      <Route
        component={[Function]}
        path=""
      />
    </Switch>
    <Footer />
  </Routes__Container>
  <Memo(GlobalStyleComponent) />
</React.Fragment>
`;
